// Jest Snapshot v1, https://goo.gl/fbAQLP

exports[`<MoviesFilterForm /> should match generated snapshot 1`] = `
<form
  className="mt-5 mb-5"
  data-testid="searchForm"
  onSubmit={[Function]}
>
  <div
    className="input-group"
  >
    <input
      className="form-control form-control-lg"
      data-testid="searchInput"
      onChange={[Function]}
      type="search"
      value=""
    />
    <div
      className="input-group-append"
    >
      <button
        className="btn btn-primary"
        data-testid="searchSubmit"
        type="submit"
      >
        Search
      </button>
    </div>
  </div>
</form>
`;
