// Jest Snapshot v1, https://goo.gl/fbAQLP

exports[`<AppScaffold /> should match generated snapshot 1`] = `
Array [
  <nav
    className="navbar navbar-expand-lg navbar-dark bg-dark"
  >
    <a
      className="navbar-brand"
      href="#"
    >
      TheMovieDB Lookup Service
    </a>
  </nav>,
  <div
    className="container"
  >
    <div
      className="row"
    >
      <div
        className="col-sm"
      >
        <form
          className="mt-5 mb-5"
          data-testid="searchForm"
          onSubmit={[Function]}
        >
          <div
            className="input-group"
          >
            <input
              className="form-control form-control-lg"
              data-testid="searchInput"
              onChange={[Function]}
              type="search"
              value=""
            />
            <div
              className="input-group-append"
            >
              <button
                className="btn btn-primary"
                data-testid="searchSubmit"
                type="submit"
              >
                Search
              </button>
            </div>
          </div>
        </form>
      </div>
    </div>
  </div>,
]
`;
